<p>A <a href='http://www.google.com'>link</a> and <a href='http://yahoo.com/path/_with_/underscores'>another link</a>.</p>