<p>More text with <code>inline($code_block_test)</code> sample.</p>