<pre><code>function foo () {<br>	print (&#039;Foo&#039;);<br>}</code></pre>