<p><img src='http://example.com/foo_underscore_test.jpg' alt='alt text'></p>

<p><img src='http://example.com/foo_underscore_test.jpg' alt=''></p>