<ul>
	<li><input type='checkbox' disabled> One</li>

	<li><input type='checkbox' disabled checked> Two</li>

	<li><input type='checkbox' disabled> Three</li>
</ul>